src/app/components/ChatWidget.tsx(4,5): error TS6133: 'MessageCircle' is declared but its value is never read.
src/app/components/DonationPage.tsx(5,69): error TS6133: 'X' is declared but its value is never read.
src/app/components/DonationPage.tsx(9,1): error TS6133: 'Badge' is declared but its value is never read.
src/app/components/FoodCard.tsx(66,9): error TS6133: 'isUrgent' is declared but its value is never read.
src/app/components/LoginPage.tsx(7,1): error TS6133: 'Card' is declared but its value is never read.
src/app/components/LoginPage.tsx(17,10): error TS6133: 'password' is declared but its value is never read.
src/app/components/LoginPage.tsx(17,20): error TS6133: 'setPassword' is declared but its value is never read.
src/app/components/NotificationsPage.tsx(42,7): error TS2322: Type '"Act fast"' is not assignable to type '"nearby" | "expiring" | "pickup" | "system"'.
src/app/components/PickupConfirmationPage.tsx(3,36): error TS6133: 'Leaf' is declared but its value is never read.
src/app/components/ProviderDashboard.tsx(15,5): error TS6133: 'Leaf' is declared but its value is never read.
src/app/components/ProviderWalletPage.tsx(4,5): error TS6133: 'Wallet' is declared but its value is never read.
src/app/components/ProviderWalletPage.tsx(11,5): error TS6133: 'CheckCircle2' is declared but its value is never read.
src/app/components/ProviderWalletPage.tsx(12,5): error TS6133: 'IndianRupee' is declared but its value is never read.
src/app/components/ProviderWalletPage.tsx(20,18): error TS6133: 'AnimatePresence' is declared but its value is never read.
src/app/components/ProviderWalletPage.tsx(25,5): error TS6133: 'DialogHeader' is declared but its value is never read.
src/app/components/ReceiverDashboard.tsx(18,5): error TS6133: 'Star' is declared but its value is never read.
src/app/components/ReceiverDashboard.tsx(25,5): error TS6133: 'Building' is declared but its value is never read.
src/app/components/ReceiverDashboard.tsx(27,5): error TS6133: 'UserCheck' is declared but its value is never read.
src/app/components/ReceiverDashboard.tsx(55,57): error TS6133: 'isLocationDetecting' is declared but its value is never read.
src/app/components/SettingsPage.tsx(8,36): error TS6133: 'Accessibility' is declared but its value is never read.
src/app/components/WalletPage.tsx(10,5): error TS6133: 'Building2' is declared but its value is never read.
src/app/components/WalletPage.tsx(11,5): error TS6133: 'CheckCircle2' is declared but its value is never read.
src/app/components/WalletPage.tsx(12,5): error TS6133: 'CreditCard' is declared but its value is never read.
src/app/components/WalletPage.tsx(13,5): error TS6133: 'Smartphone' is declared but its value is never read.
src/app/components/WalletPage.tsx(14,5): error TS6133: 'LogOut' is declared but its value is never read.
src/app/components/WalletPage.tsx(15,5): error TS6133: 'UtensilsCrossed' is declared but its value is never read.
src/app/components/WalletPage.tsx(22,18): error TS6133: 'AnimatePresence' is declared but its value is never read.
src/app/components/WalletPage.tsx(27,5): error TS6133: 'DialogHeader' is declared but its value is never read.
